// Jest Snapshot v1, https://goo.gl/fbAQLP

exports[`App changes the class when hovered 1`] = `
<h1
  className="app"
>
  Hello world
</h1>
`;
